
> supnum-connect-backend@1.0.0 test
> cross-env NODE_ENV=test jest --detectOpenHandles

  console.log
    ­ƒöù Using individual DB environment variables

      at Object.log (config/database.js:35:13)

  console.log
    DB_HOST: localhost

      at Object.log (config/database.js:36:13)

  console.log
    DB_NAME: supnum_connect

      at Object.log (config/database.js:37:13)

  console.log
    DB_USER: postgres

      at Object.log (config/database.js:38:13)

  console.log
    DB_PASSWORD: ***SET***

      at Object.log (config/database.js:39:13)

  console.log
    Ô£à PostgreSQL Connected successfully

      at log (config/database.js:66:17)

  console.log
    Ô£à Database synced

      at log (config/database.js:71:17)

  console.log
    2026-02-17T23:30:40.727Z - POST /api/auth/register

      at log (server.js:63:13)

  console.error
    Error: ValidationError [SequelizeValidationError]: notNull Violation: User.name cannot be null
        at InstanceValidator._validate (C:\Users\HP\.gemini\antigravity\scratch\supnum-connect\backend\node_modules\sequelize\src\instance-validator.js:78:13)
        at processTicksAndRejections (node:internal/process/task_queues:103:5)
        at InstanceValidator._validateAndRunHooks (C:\Users\HP\.gemini\antigravity\scratch\supnum-connect\backend\node_modules\sequelize\src\instance-validator.js:111:7)
        at InstanceValidator.validate (C:\Users\HP\.gemini\antigravity\scratch\supnum-connect\backend\node_modules\sequelize\src\instance-validator.js:93:12)
        at model.save (C:\Users\HP\.gemini\antigravity\scratch\supnum-connect\backend\node_modules\sequelize\src\model.js:4077:7)
        at User.create (C:\Users\HP\.gemini\antigravity\scratch\supnum-connect\backend\node_modules\sequelize\src\model.js:2305:12)
        at C:\Users\HP\.gemini\antigravity\scratch\supnum-connect\backend\routes\auth.js:40:22 {
      errors: [
        ValidationErrorItem {
          message: 'User.name cannot be null',
          type: 'notNull Violation',
          path: 'name',
          value: null,
          origin: 'CORE',
          instance: [User],
          validatorKey: 'is_null',
          validatorName: null,
          validatorArgs: []
        }
      ]
    }

    [0m [90m 1 |[39m [36mconst[39m errorHandler [33m=[39m (err[33m,[39m req[33m,[39m res[33m,[39m next) [33m=>[39m {
    [31m[1m>[22m[39m[90m 2 |[39m     console[33m.[39merror([32m'Error:'[39m[33m,[39m err)[33m;[39m
     [90m   |[39m             [31m[1m^[22m[39m
     [90m 3 |[39m
     [90m 4 |[39m     [90m// Sequelize Validation Error[39m
     [90m 5 |[39m     [36mif[39m (err[33m.[39mname [33m===[39m [32m'SequelizeValidationError'[39m [33m||[39m err[33m.[39mname [33m===[39m [32m'SequelizeUniqueConstraintError'[39m) {[0m

      at error (middleware/errorHandler.js:2:13)
      at Layer.handle_error (node_modules/express/lib/router/layer.js:71:5)
      at trim_prefix (node_modules/express/lib/router/index.js:326:13)
      at node_modules/express/lib/router/index.js:286:9
      at router.process_params (node_modules/express/lib/router/index.js:346:12)
      at next (node_modules/express/lib/router/index.js:280:10)
      at Layer.handle_error (node_modules/express/lib/router/layer.js:67:12)
      at trim_prefix (node_modules/express/lib/router/index.js:326:13)
      at node_modules/express/lib/router/index.js:286:9
      at router.process_params (node_modules/express/lib/router/index.js:346:12)
      at next (node_modules/express/lib/router/index.js:280:10)
      at node_modules/express/lib/router/index.js:646:15
      at next (node_modules/express/lib/router/index.js:265:14)
      at next (node_modules/express/lib/router/route.js:141:14)
      at next (routes/auth.js:54:9)

  console.log
    2026-02-17T23:30:40.799Z - POST /api/auth/login

      at log (server.js:63:13)

node.exe : FAIL 
tests/auth.test.js
Au caractère Ligne:1 : 1
+ & "C:\Program 
Files\nodejs/node.exe" 
"C:\Program 
Files\nodejs/node_mo ...
+ ~~~~~~~~~~~~~~~~~~~~~~~~~~
~~~~~~~~~~~~~~~~~~~~~~~~~~~~
~~~~~~~~~~~~~~~
    + CategoryInfo          
    : NotSpecified: (FAIL   
  tests/auth.test.js:Stri   
 ng) [], RemoteException
    + FullyQualifiedErrorId 
    : NativeCommandError
 
  Auth Endpoints
    ├ù should register a 
new user (86 ms)
    ├ù should login the 
user (13 ms)

  ÔùÅ Auth Endpoints ÔÇ║ 
should register a new user

    expect(received).toEqual
(expected) // deep equality

    Expected: 201
    Received: 400

    [0m [90m 24 |[39m    
             
supnumId[33m:[39m 
[32m'TEST001'[39m
     [90m 25 |[39m        
     })[33m;[39m
    
[31m[1m>[22m[39m[90m 
26 |[39m         expect(res
[33m.[39mstatusCode)[33m.
[39mtoEqual([35m201[39m)
[33m;[39m
     [90m    |[39m        
                        
[31m[1m^[22m[39m
     [90m 27 |[39m        
 expect(res[33m.[39mbody)
[33m.[39mtoHaveProperty([3
2m'token'[39m)[33m;[39m
     [90m 28 |[39m     
})[33m;[39m
     [90m 29 |[39m[0m

      at Object.toEqual 
(tests/auth.test.js:26:32)

  ÔùÅ Auth Endpoints ÔÇ║ 
should login the user

    expect(received).toEqual
(expected) // deep equality

    Expected: 200
    Received: 401

    [0m [90m 35 |[39m    
             
password[33m:[39m 
[32m'password123'[39m
     [90m 36 |[39m        
     })[33m;[39m
    
[31m[1m>[22m[39m[90m 
37 |[39m         expect(res
[33m.[39mstatusCode)[33m.
[39mtoEqual([35m200[39m)
[33m;[39m
     [90m    |[39m        
                        
[31m[1m^[22m[39m
     [90m 38 |[39m        
 expect(res[33m.[39mbody)
[33m.[39mtoHaveProperty([3
2m'token'[39m)[33m;[39m
     [90m 39 |[39m     
})[33m;[39m
     [90m 40 |[39m 
})[33m;[39m[0m

      at Object.toEqual 
(tests/auth.test.js:37:32)

Test Suites: 1 failed, 1 
total
Tests:       2 failed, 2 
total
Snapshots:   0 total
Time:        2.217 s, 
estimated 3 s
Ran all test suites.
